// Jest Snapshot v1, https://goo.gl/fbAQLP

exports[`When Signup Component is rendered Signup content is rendered 1`] = `
<div>
  <div
    className="jumbotron"
  >
    Sign Up
  </div>
  <form
    className=""
  >
    <div
      className="position-relative form-group"
    >
      <label
        className=""
        htmlFor="signupEmail"
      >
        Email
      </label>
      <input
        className="form-control"
        id="signupEmail"
        name="email"
        placeholder="email"
        type="email"
      />
    </div>
    <div
      className="position-relative form-group"
    >
      <label
        className=""
        htmlFor="signupPassword"
      >
        Password
      </label>
      <input
        className="form-control"
        id="signupPassword"
        name="password"
        placeholder="password"
        type="password"
      />
    </div>
  </form>
  <button
    className="btn btn-secondary"
    onClick={[Function]}
    type={undefined}
  >
    Submit
  </button>
</div>
`;
