// Jest Snapshot v1, https://goo.gl/fbAQLP

exports[`When GameRules is Clicked Game rules content is rendered 1`] = `
<div>
  <header
    className="card-header"
  >
    <h4
      className="card-header--title"
    >
      Game Rules
    </h4>
  </header>
  <div
    className="card-body"
  >
    <p
      className="body-content"
    >
      The object of Tic Tac Toe is to get three in a row. You play on a three by three game board. The first player is known as X and the second is O. Players alternate placing Xs and Os on the game board until either oppent has three in a row or all nine squares are filled.
    </p>
  </div>
</div>
`;
